C51 COMPILER V9.52.0.0   SYSTEM                                                            10/15/2019 10:07:47 PAGE 1   


C51 COMPILER V9.52.0.0, COMPILATION OF MODULE SYSTEM
OBJECT MODULE PLACED IN .\Output\System.obj
COMPILER INVOKED BY: C:\Keil_v5\C51\BIN\C51.EXE Common\System.c LARGE OBJECTADVANCED OPTIMIZE(7,SPEED) BROWSE INCDIR(..\
                    -..\Include;.\head;.\Common) DEFINE(FOSC_160000) DEBUG PRINT(.\LST\System.lst) TABS(2) OBJECT(.\Output\System.obj)

line level    source

   1          #include "ALL_Includes.h"
   2          bit BIT_TMP;
   3          u16  DelaymS=0;
   4          u32  Timer_1s=0;
   5          Timer_Struct gTimer= {0,0,0,0};
   6          u16  System_Timer=0;
   7          /***************************************************************
   8          * 函数功能：时间计数函数
   9          * 输入参数：
  10          * 输出参数：
  11          ***************************************************************/
  12          /***************************************************************
  13          * 函数功能：时间计数函数
  14          * 输入参数：
  15          * 输出参数：
  16          ***************************************************************/
  17          void SysTick_Handler2(void)
  18          {
  19   1          ++gTimer.Tick20Msec;
  20   1          if((gTimer.Tick20Msec%5)==0)
  21   1          {
  22   2              bTemp100Msec=TIMER_SET;
  23   2          }
  24   1          if((gTimer.Tick20Msec%25)==0)
  25   1          {
  26   2              bTemp500Msec=TIMER_SET;
  27   2          }
  28   1          if(gTimer.Tick20Msec==50)
  29   1          {   gTimer.Tick20Msec=0;
  30   2              bTemp1Sec=TIMER_SET;
  31   2          }
  32   1      }
  33          void SysTick_Handler(void)
  34          {
  35   1          bTemp1Msec=TIMER_SET;
  36   1          ++gTimer.Tick1Msec;
  37   1          if((gTimer.Tick1Msec%2)==0)
  38   1          {
  39   2              bTemp2Msec=TIMER_SET;
  40   2          }
  41   1          if((gTimer.Tick1Msec%5)==0)
  42   1          {
  43   2              bTemp5Msec=TIMER_SET;
  44   2          }
  45   1          if((gTimer.Tick1Msec%10)==0)
  46   1          {
  47   2              bTemp10Msec=TIMER_SET;
  48   2          }
  49   1          if(gTimer.Tick1Msec==20)
  50   1          {
  51   2              gTimer.Tick1Msec=0;
  52   2              bTemp20Msec=TIMER_SET;
  53   2              SysTick_Handler2();
  54   2          }
C51 COMPILER V9.52.0.0   SYSTEM                                                            10/15/2019 10:07:47 PAGE 2   

  55   1          if(DelaymS>0)
  56   1          {
  57   2              DelaymS--;
  58   2          }
  59   1      
  60   1      }
  61          
  62          void SysTimer_Process(void)
  63          {
  64   1      //    EA=0;
  65   1          gTimer.Timer_Status.byte=gTimer.SysTick_Status.byte;
  66   1      
  67   1          if(gTimer.SysTick_Status.byte)
  68   1          {
  69   2              gTimer.SysTick_Status.byte=0;
  70   2      
  71   2          }
  72   1      
  73   1      
  74   1      //  gTimer.Timer_Status.byte=gTimer.SysTick_Status.byte;
  75   1      //  gTimer.SysTick_Status.byte=0;
  76   1      
  77   1      //    Clear_SysTick_Status
  78   1      //    EA=1;
  79   1      }
  80          /***************************************************************
  81          * 函数功能：定时器0初始化
  82          * 输入参数：
  83          * 输出参数：
  84          ***************************************************************/
  85          void Timer0Init(void)
  86          {
  87   1          TMOD&=0xF0;
  88   1          TMOD|=0x01;//模式1:16位计时器
  89   1          CKCON&=~0X08;//1/12系统时钟
  90   1          TL0 =Timer0_Reload;
  91   1          TH0 =Timer0_Reload>>8;      //中断时间为100us
  92   1          TR0=1;
  93   1          ET0= 1;
  94   1          EA = 1;
  95   1      }
  96          /***************************************************************
  97          * 函数功能：定时器1初始化
  98          * 输入参数：
  99          * 输出参数：
 100          ***************************************************************/
 101          void Timer1Init(void)
 102          {
 103   1          TMOD&=0x0F;
 104   1          TMOD|=0x10;//模式1:16位计时器
 105   1          CKCON&=~0X08;//1/12系统时钟
 106   1      //    TL1 =Timer1_Reload(PWM_Cycle);
 107   1      //    TH1 =Timer1_Reload(PWM_Cycle)>>8;     //中断时间为100us
 108   1          TR1=1;
 109   1          ET1= 1;
 110   1          EA = 1;
 111   1      }
 112          /***************************************************************
 113          * 函数功能：定时器0中断服务函数
 114          * 输入参数：
 115          * 输出参数：
 116          ***************************************************************/
C51 COMPILER V9.52.0.0   SYSTEM                                                            10/15/2019 10:07:47 PAGE 3   

 117          void Timer0_ISR (void) interrupt 1  //interrupt address is 0x000B
 118          {
 119   1          TL0 = Timer0_Reload;
 120   1          TH0 = Timer0_Reload>>8;
 121   1          SysTick_Handler();
 122   1          System_Timer++;
 123   1          LED_Sing=~LED_Sing;
 124   1      }
 125          void EXT1_ISR (void) interrupt 2  //外部中断服务函数
 126          {
 127   1      //  clr_IE1;//清除外部中断标志
 128   1      //  Receive_Packet();
 129   1      
 130   1      
 131   1      }
 132          /***************************************************************
 133          * 函数功能：定时器1中断服务函数
 134          * 输入参数：
 135          * 输出参数：
 136          ***************************************************************/
 137          
 138          void Timer1_ISR (void) interrupt 3  //interrupt address is 0x001B
 139          {
 140   1          u16 T1_Reload=0;
 141   1      
 142   1          TL1 =T1_Reload;
 143   1          TH1 =T1_Reload>>8;      //中断时间为10ms
 144   1      
 145   1      }
 146          void Timer2_ISR (void) interrupt 5
 147          {
 148   1          TF2=0;
 149   1      }
 150          void EXT_IO_ISR (void) interrupt 7
 151          {
 152   1      switch(PIF)
 153   1      {
 154   2        case   0:
 155   2          break;
 156   2        case   2:
 157   2               LED_Count=0;
 158   2               LED_Cycle=0;
 159   2               set_WKTR; //开启唤醒定时器 
 160   2          break;
 161   2      
 162   2      }
 163   1      PIF=0;
 164   1      }
 165          
 166          void WKT_ISR (void) interrupt 17
 167          {
 168   1        clr_WKTF;
 169   1        //LED_Sing=0;
 170   1        clr_EPI;//关闭管脚中断
 171   1        Scan_LED();
 172   1        P16_NC=~P16_NC;
 173   1      }
 174          /*********************************************************************************************************
             -***
 175          *    Timer2 Capture interrupt subroutine
 176          **********************************************************************************************************
             -**/
C51 COMPILER V9.52.0.0   SYSTEM                                                            10/15/2019 10:07:47 PAGE 4   

 177          //void Capture_ISR (void) interrupt 12
 178          //{
 179          //        clr_CAPF0;                          // clear capture0 interrupt flag
 180          ////        P1 = C0L;                           // For capture mode CxL/CxH with data capture from I/O pin
 181          ////        P2 = C0H;
 182          ////        P12 = ~P12;                         //toggle GPIO1 to show int
 183          // if((CAPCON1&0x03)==0)
 184          // {Rudder=MAKEWORD(C0H,C0L);
 185          ////  filter_Rudder = filter_Rudder - (filter_Rudder >> 1) + Rudder;
 186          ////    Rudder=(int16) (filter_Rudder >> 1);
 187          ////   if(Rudder>filter_Rudder_MAX)
 188          ////   {filter_Rudder_MAX=Rudder;}
 189          ////   if(Rudder<filter_Rudder_MIN)
 190          ////   {filter_Rudder_MIN=Rudder;}
 191          ////   Sum_Rudder+=Rudder;
 192          ////   Rudder_Sampling_Count++;
 193          //   filter_Rudder=Rudder>>4;
 194          ////   if(Rudder_Sampling_Count>=4)
 195          ////   {
 196          ////     Sum_Rudder-=filter_Rudder_MAX;
 197          ////     Sum_Rudder-=filter_Rudder_MIN;
 198          ////     filter_Rudder=Sum_Rudder;
 199          ////     filter_Rudder=filter_Rudder>>4;
 200          ////     if(filter_Rudder>Rudder_MAX)
 201          ////     {filter_Rudder=Rudder_MAX;}
 202          ////     if(filter_Rudder<Rudder_MIN)
 203          ////     {filter_Rudder=Rudder_MIN;}
 204          ////     Rudder_Sampling_Count=0;
 205          ////     Sum_Rudder=0;
 206          ////     filter_Rudder_MAX=0;
 207          ////     filter_Rudder_MIN=0xffff;
 208          ////                              }
 209          //     CAPCON1|=0x01;}
 210          // else
 211          // {CAPCON1&=~0x03;}
 212          //}
 213          /***************************************************************
 214          * 函数功能：初始化IO端口
 215          * 输入参数：
 216          * 输出参数：
 217          ***************************************************************/
 218          void Init_IO(void)
 219          {
 220   1          P0M1=P0M1_D;
 221   1          P0M2=P0M2_D;
 222   1          P0=P0_D;
 223   1      
 224   1          P1M1=P1M1_D;
 225   1          P1M2=P1M2_D;
 226   1          P1=P1_D;
 227   1      
 228   1          P2=P2_D;
 229   1      
 230   1          P3M1=P3M1_D;
 231   1          P3M2=P3M2_D;
 232   1          P3=P3_D;
 233   1      
 234   1      }
 235          void Set_System_Fre_10K(void)
 236          {
 237   1      set_LIRCST;//使能10K IRC
 238   1      set_OSC1;
C51 COMPILER V9.52.0.0   SYSTEM                                                            10/15/2019 10:07:47 PAGE 5   

 239   1      clr_OSC0;
 240   1      
 241   1      clr_BODEN;//关闭欠压检测功能
 242   1      clr_IAPEN;//失能IAP 
 243   1      clr_HIRCEN; //关闭16M IRC
 244   1      }
 245          void Set_System_Fre_16M(void)
 246          {
 247   1      set_HIRCST;//使能10K IRC
 248   1      clr_OSC1;
 249   1      clr_OSC0;
 250   1      clr_BODEN;//关闭欠压检测功能
 251   1      clr_IAPEN;//失能IAP
 252   1      clr_HIRCST; //关闭16M IRC 
 253   1        
 254   1      }
 255          /***************************************************************
 256          * 函数功能：自唤醒定时器
 257          * 输入参数：
 258          * 输出参数：
 259          ***************************************************************/
 260          void Init_WKT(void)
 261          {
 262   1      WKCON=Bin(00001011);
 263   1        RWK=254;
 264   1      set_EWKT;//中断使能
 265   1      
 266   1      EA = 1;
 267   1      }
 268          /***************************************************************
 269          * 函数功能：初始化外部中断
 270          * 输入参数：
 271          * 输出参数：
 272          ***************************************************************/
 273          void Init_EXT_IO_Interrupt(void)
 274          {
 275   1      PICON=Bin(00001000);
 276   1      PINEN=Bin(00000010);
 277   1      set_EPI;//使能管脚中断
 278   1      EA = 1;
 279   1      }
 280          
 281          /***************************************************************
 282          * 函数功能：系统初始化
 283          * 输入参数：
 284          * 输出参数：
 285          ***************************************************************/
 286          void InitSystem(void)
 287          {
 288   1          Init_IO();
 289   1          LED_0FF;
 290   1         // Timer0Init();
 291   1         // Timer1Init();
 292   1          //adc_init();
 293   1         // InitialUART1_Timer3(115200);
 294   1          //ReadEeprom(); //读取参数
 295   1      Init_EXT_IO_Interrupt();
 296   1        Init_WKT();
 297   1        Set_System_Fre_10K();
 298   1        while(1)
 299   1        { if(LED_Cycle>=1)
 300   2          { LED_0FF;
C51 COMPILER V9.52.0.0   SYSTEM                                                            10/15/2019 10:07:47 PAGE 6   

 301   3            clr_WKTR;
 302   3            PIF=0;
 303   3            set_EPI;}//周期到了后不运行自动唤醒
 304   2           set_PD;//进入休眠  
 305   2          }
 306   1        
 307   1      }


MODULE INFORMATION:   STATIC OVERLAYABLE
   CODE SIZE        =    793    ----
   CONSTANT SIZE    =   ----    ----
   XDATA SIZE       =     12    ----
   PDATA SIZE       =   ----    ----
   DATA SIZE        =   ----    ----
   IDATA SIZE       =   ----    ----
   BIT SIZE         =      1    ----
   EDATA SIZE       =   ----    ----
   HDATA SIZE       =   ----    ----
   XDATA CONST SIZE =   ----    ----
   FAR CONST SIZE   =   ----    ----
END OF MODULE INFORMATION.


C51 COMPILATION COMPLETE.  0 WARNING(S),  0 ERROR(S)
