C51 COMPILER V9.52.0.0   UART                                                              10/15/2019 10:07:47 PAGE 1   


C51 COMPILER V9.52.0.0, COMPILATION OF MODULE UART
OBJECT MODULE PLACED IN .\Output\UART.obj
COMPILER INVOKED BY: C:\Keil_v5\C51\BIN\C51.EXE Code\UART.C LARGE OBJECTADVANCED OPTIMIZE(7,SPEED) BROWSE INCDIR(..\..\I
                    -nclude;.\head;.\Common) DEFINE(FOSC_160000) DEBUG PRINT(.\LST\UART.lst) TABS(2) OBJECT(.\Output\UART.obj)

line level    source

   1          #include "ALL_Includes.h"
   2          //---------------------------------------------------------------
   3          void InitialUART0_Timer3(u32 Baudrate) //use timer3 as Baudrate generator
   4          {
   5   1          P06_Quasi_Mode;
   6   1          P07_Quasi_Mode; 
   7   1        
   8   1          SCON = 0x52;     //UART0 Mode1,REN=1,TI=1
   9   1          set_SMOD;        //UART0 Double Rate Enable
  10   1          T3CON &= 0xF8;   //T3PS2=0,T3PS1=0,T3PS0=0(Prescale=1)
  11   1          set_BRCK;        //UART0 baud rate clock source = Timer3
  12   1          RH3    = HIBYTE(65536 - (1000000/Baudrate)-1);      /*16 MHz */
  13   1          RL3    = LOBYTE(65536 - (1000000/Baudrate)-1);      /*16 MHz */
  14   1      
  15   1          set_TR3;         //Trigger Timer3
  16   1      }
  17          u8 Receive_Data_From_UART0(void)
  18          {
  19   1          u8 c;
  20   1          
  21   1          while (!RI);
  22   1          c = SBUF;
  23   1          RI = 0;
  24   1          return (c);
  25   1      }
  26          
  27          void Send_Data_To_UART0 (u8 Data)
  28          {
  29   1          TI = 0;
  30   1          SBUF = Data;
  31   1          while(TI==0);
  32   1      }
  33          void Send_Word_To_UART0 (u16 Data)
  34          {
  35   1          TI = 0;
  36   1          SBUF = Data>>8;
  37   1          while(TI==0);
  38   1          TI = 0;
  39   1          SBUF = Data;
  40   1          while(TI==0); 
  41   1      }
  42          
  43          void InitialUART1_Timer3(u32 Baudrate) //use timer3 as Baudrate generator
  44          {
  45   1      
  46   1      //    SCON = 0x52;     //UART0 Mode1,REN=1,TI=1
  47   1      //    set_SMOD;        //UART0 Double Rate Enable
  48   1      //    T3CON &= 0xF8;   //T3PS2=0,T3PS1=0,T3PS0=0(Prescale=1)
  49   1      //    set_BRCK;        //UART0 baud rate clock source = Timer3
  50   1         set_SM1_1;
  51   1          RH3    = HIBYTE(65536 - (1000000/Baudrate)-1);      /*16 MHz */
  52   1          RL3    = LOBYTE(65536 - (1000000/Baudrate)-1);      /*16 MHz */
  53   1      
  54   1          set_TR3;         //Trigger Timer3
C51 COMPILER V9.52.0.0   UART                                                              10/15/2019 10:07:47 PAGE 2   

  55   1      }
  56          
  57          void Send_Data_To_UART1 (u8 Data)
  58          {
  59   1          TI_1 = 0;
  60   1          SBUF_1 = Data;
  61   1          while(TI_1==0);
  62   1      }
  63          void Send_Word_To_UART1 (u16 Data)
  64          {
  65   1          TI_1 = 0;
  66   1          SBUF_1 = Data>>8;
  67   1          while(TI_1==0);
  68   1          TI_1 = 0;
  69   1          SBUF_1 = Data;
  70   1          while(TI_1==0); 
  71   1      }


MODULE INFORMATION:   STATIC OVERLAYABLE
   CODE SIZE        =    317    ----
   CONSTANT SIZE    =   ----    ----
   XDATA SIZE       =   ----       8
   PDATA SIZE       =   ----    ----
   DATA SIZE        =   ----    ----
   IDATA SIZE       =   ----    ----
   BIT SIZE         =   ----    ----
   EDATA SIZE       =   ----    ----
   HDATA SIZE       =   ----    ----
   XDATA CONST SIZE =   ----    ----
   FAR CONST SIZE   =   ----    ----
END OF MODULE INFORMATION.


C51 COMPILATION COMPLETE.  0 WARNING(S),  0 ERROR(S)
